



Git URL:

https://github.com/natarajse/linuxPractice.git

SCM:


najayaku@LC6RN6C2 MINGW64 /c/git/linuxPractice (master)
$ git clone https://github.com/natarajse/linuxPractice.git
Cloning into 'linuxPractice'...
remote: Enumerating objects: 15, done.
remote: Counting objects: 100% (15/15), done.
remote: Compressing objects: 100% (9/9), done.
remote: Total 15 (delta 3), reused 5 (delta 1), pack-reused 0
Unpacking objects: 100% (15/15), done.

najayaku@LC6RN6C2 MINGW64 /c/git/linuxPractice (master)
$ ls
cmd  README.md

najayaku@LC6RN6C2 MINGW64 /c/git/linuxPractice (master)
$ touch pull.sh

najayaku@LC6RN6C2 MINGW64 /c/git/linuxPractice (master)
$ vi pull.sh

najayaku@LC6RN6C2 MINGW64 /c/git/linuxPractice (master)
$ git status
On branch master
Your branch is up to date with 'origin/master'.

Untracked files:
  (use "git add <file>..." to include in what will be committed)

        pull.sh

nothing added to commit but untracked files present (use "git add" to track)

najayaku@LC6RN6C2 MINGW64 /c/git/linuxPractice (master)
$ git add -p

No changes.

najayaku@LC6RN6C2 MINGW64 /c/git/linuxPractice (master)
$

najayaku@LC6RN6C2 MINGW64 /c/git/linuxPractice (master)
$ git add -p pull.sh
No changes.

najayaku@LC6RN6C2 MINGW64 /c/git/linuxPractice (master)
$ git status
On branch master
Your branch is up to date with 'origin/master'.

Untracked files:
  (use "git add <file>..." to include in what will be committed)

        pull.sh

nothing added to commit but untracked files present (use "git add" to track)

najayaku@LC6RN6C2 MINGW64 /c/git/linuxPractice (master)
$ git add pull.sh
warning: LF will be replaced by CRLF in pull.sh.
The file will have its original line endings in your working directory.

najayaku@LC6RN6C2 MINGW64 /c/git/linuxPractice (master)
$ git commit -m "Test file"
[master ce8d964] Test file
 1 file changed, 2 insertions(+)
 create mode 100644 pull.sh

najayaku@LC6RN6C2 MINGW64 /c/git/linuxPractice (master)
$ git
usage: git [--version] [--help] [-C <path>] [-c <name>=<value>]
           [--exec-path[=<path>]] [--html-path] [--man-path] [--info-path]
           [-p | --paginate | -P | --no-pager] [--no-replace-objects] [--bare]
           [--git-dir=<path>] [--work-tree=<path>] [--namespace=<name>]
           <command> [<args>]

These are common Git commands used in various situations:

start a working area (see also: git help tutorial)
   clone      Clone a repository into a new directory
   init       Create an empty Git repository or reinitialize an existing one

work on the current change (see also: git help everyday)
   add        Add file contents to the index
   mv         Move or rename a file, a directory, or a symlink
   reset      Reset current HEAD to the specified state
   rm         Remove files from the working tree and from the index

examine the history and state (see also: git help revisions)
   bisect     Use binary search to find the commit that introduced a bug
   grep       Print lines matching a pattern
   log        Show commit logs
   show       Show various types of objects
   status     Show the working tree status

grow, mark and tweak your common history
   branch     List, create, or delete branches
   checkout   Switch branches or restore working tree files
   commit     Record changes to the repository
   diff       Show changes between commits, commit and working tree, etc
   merge      Join two or more development histories together
   rebase     Reapply commits on top of another base tip
   tag        Create, list, delete or verify a tag object signed with GPG

collaborate (see also: git help workflows)
   fetch      Download objects and refs from another repository
   pull       Fetch from and integrate with another repository or a local branch
   push       Update remote refs along with associated objects

'git help -a' and 'git help -g' list available subcommands and some
concept guides. See 'git help <command>' or 'git help <concept>'
to read about a specific subcommand or concept.

najayaku@LC6RN6C2 MINGW64 /c/git/linuxPractice (master)
$ git status
On branch master
Your branch is ahead of 'origin/master' by 1 commit.
  (use "git push" to publish your local commits)

nothing to commit, working tree clean

najayaku@LC6RN6C2 MINGW64 /c/git/linuxPractice (master)
$ git push origin

pu




P
najayaku@LC6RN6C2 MINGW64 /c/git/linuxPractice (master)
$


najayaku@LC6RN6C2 MINGW64 /c/git/linuxPractice (master)
$

najayaku@LC6RN6C2 MINGW64 /c/git/linuxPractice (master)
$

najayaku@LC6RN6C2 MINGW64 /c/git/linuxPractice (master)
$

najayaku@LC6RN6C2 MINGW64 /c/git/linuxPractice (master)
$

najayaku@LC6RN6C2 MINGW64 /c/git/linuxPractice (master)
$

najayaku@LC6RN6C2 MINGW64 /c/git/linuxPractice (master)
$ git push

Enumerating objects: 4, done.
Counting objects: 100% (4/4), done.
Delta compression using up to 4 threads.
Compressing objects: 100% (2/2), done.
Writing objects: 100% (3/3), 328 bytes | 164.00 KiB/s, done.
Total 3 (delta 0), reused 0 (delta 0)

To https://github.com/natarajse/linuxPractice.git
   2dd1412..ce8d964  master -> master

najayaku@LC6RN6C2 MINGW64 /c/git/linuxPractice (master)
$

najayaku@LC6RN6C2 MINGW64 /c/git/linuxPractice (master)
$

najayaku@LC6RN6C2 MINGW64 /c/git/linuxPractice (master)
$ ls
cmd  pull.sh*  README.md

najayaku@LC6RN6C2 MINGW64 /c/git/linuxPractice (master)
$ git status
On branch master
Your branch is up to date with 'origin/master'.

nothing to commit, working tree clean

najayaku@LC6RN6C2 MINGW64 /c/git/linuxPractice (master)
$ git status master
On branch master
Your branch is up to date with 'origin/master'.

nothing to commit, working tree clean

najayaku@LC6RN6C2 MINGW64 /c/git/linuxPractice (master)
$ vi pull.sh

najayaku@LC6RN6C2 MINGW64 /c/git/linuxPractice (master)
$ git status
On branch master
Your branch is up to date with 'origin/master'.

Changes not staged for commit:
  (use "git add <file>..." to update what will be committed)
  (use "git checkout -- <file>..." to discard changes in working directory)

        modified:   pull.sh

no changes added to commit (use "git add" and/or "git commit -a")

najayaku@LC6RN6C2 MINGW64 /c/git/linuxPractice (master)
$ git commit -m "Script added"
On branch master
Your branch is up to date with 'origin/master'.

Changes not staged for commit:
        modified:   pull.sh

no changes added to commit

najayaku@LC6RN6C2 MINGW64 /c/git/linuxPractice (master)
$ git commit -a -m "Script added"
warning: LF will be replaced by CRLF in pull.sh.
The file will have its original line endings in your working directory.
[master 5a9c86a] Script added
 1 file changed, 9 insertions(+)

najayaku@LC6RN6C2 MINGW64 /c/git/linuxPractice (master)
$ git push
Enumerating objects: 5, done.
Counting objects: 100% (5/5), done.
Delta compression using up to 4 threads.
Compressing objects: 100% (3/3), done.
Writing objects: 100% (3/3), 362 bytes | 362.00 KiB/s, done.
Total 3 (delta 1), reused 0 (delta 0)
remote: Resolving deltas: 100% (1/1), completed with 1 local object.
To https://github.com/natarajse/linuxPractice.git
   ce8d964..5a9c86a  master -> master

najayaku@LC6RN6C2 MINGW64 /c/git/linuxPractice (master)
$ git status
On branch master
Your branch is up to date with 'origin/master'.

nothing to commit, working tree clean

najayaku@LC6RN6C2 MINGW64 /c/git/linuxPractice (master)
$ git branch
* master

najayaku@LC6RN6C2 MINGW64 /c/git/linuxPractice (master)
$ git pull
remote: Enumerating objects: 4, done.
remote: Counting objects: 100% (4/4), done.
remote: Compressing objects: 100% (2/2), done.
remote: Total 3 (delta 1), reused 0 (delta 0), pack-reused 0
Unpacking objects: 100% (3/3), done.
From https://github.com/natarajse/linuxPractice
   5a9c86a..c0c336b  master     -> origin/master
Updating 5a9c86a..c0c336b
Fast-forward
 test_txt | 1 +
 1 file changed, 1 insertion(+)
 create mode 100644 test_txt

najayaku@LC6RN6C2 MINGW64 /c/git/linuxPractice (master)
$ git status
On branch master
Your branch is up to date with 'origin/master'.

nothing to commit, working tree clean

najayaku@LC6RN6C2 MINGW64 /c/git/linuxPractice (master)
$ git status master
On branch master
Your branch is up to date with 'origin/master'.

nothing to commit, working tree clean

najayaku@LC6RN6C2 MINGW64 /c/git/linuxPractice (master)
$ ls
cmd  pull.sh*  README.md  test_txt

najayaku@LC6RN6C2 MINGW64 /c/git/linuxPractice (master)
$
